2026-06-02 07:58:36.567 - 
    alter table cola_inscripciones 
       modify column estado enum ('CANCELADO','EXPIRADO','PENDIENTE','PROMOVIDO') not null
2026-06-02 07:58:36.642 - 
    alter table solicitudes_reset_password 
       modify column estado enum ('ATENDIDA','PENDIENTE') not null
2026-06-02 07:58:40.161 - 
    update
        cola_inscripciones ci1_0 
    set
        estado='EXPIRADO',
        fecha_resolucion=? 
    where
        ci1_0.estado='PENDIENTE' 
        and ci1_0.fecha_expiracion<?
2026-06-02 07:58:40.165 - 
    select
        count(*) 
    from
        administradores a1_0
2026-06-02 07:59:40.172 - 
    update
        cola_inscripciones ci1_0 
    set
        estado='EXPIRADO',
        fecha_resolucion=? 
    where
        ci1_0.estado='PENDIENTE' 
        and ci1_0.fecha_expiracion<?
2026-06-02 08:00:40.175 - 
    update
        cola_inscripciones ci1_0 
    set
        estado='EXPIRADO',
        fecha_resolucion=? 
    where
        ci1_0.estado='PENDIENTE' 
        and ci1_0.fecha_expiracion<?
2026-06-02 08:01:40.178 - 
    update
        cola_inscripciones ci1_0 
    set
        estado='EXPIRADO',
        fecha_resolucion=? 
    where
        ci1_0.estado='PENDIENTE' 
        and ci1_0.fecha_expiracion<?
2026-06-02 08:02:40.181 - 
    update
        cola_inscripciones ci1_0 
    set
        estado='EXPIRADO',
        fecha_resolucion=? 
    where
        ci1_0.estado='PENDIENTE' 
        and ci1_0.fecha_expiracion<?
2026-06-02 08:03:40.185 - 
    update
        cola_inscripciones ci1_0 
    set
        estado='EXPIRADO',
        fecha_resolucion=? 
    where
        ci1_0.estado='PENDIENTE' 
        and ci1_0.fecha_expiracion<?
2026-06-02 08:04:40.188 - 
    update
        cola_inscripciones ci1_0 
    set
        estado='EXPIRADO',
        fecha_resolucion=? 
    where
        ci1_0.estado='PENDIENTE' 
        and ci1_0.fecha_expiracion<?
2026-06-02 08:05:40.191 - 
    update
        cola_inscripciones ci1_0 
    set
        estado='EXPIRADO',
        fecha_resolucion=? 
    where
        ci1_0.estado='PENDIENTE' 
        and ci1_0.fecha_expiracion<?
2026-06-02 08:06:40.195 - 
    update
        cola_inscripciones ci1_0 
    set
        estado='EXPIRADO',
        fecha_resolucion=? 
    where
        ci1_0.estado='PENDIENTE' 
        and ci1_0.fecha_expiracion<?
2026-06-02 08:07:40.199 - 
    update
        cola_inscripciones ci1_0 
    set
        estado='EXPIRADO',
        fecha_resolucion=? 
    where
        ci1_0.estado='PENDIENTE' 
        and ci1_0.fecha_expiracion<?
2026-06-02 08:08:40.202 - 
    update
        cola_inscripciones ci1_0 
    set
        estado='EXPIRADO',
        fecha_resolucion=? 
    where
        ci1_0.estado='PENDIENTE' 
        and ci1_0.fecha_expiracion<?
2026-06-02 08:09:40.205 - 
    update
        cola_inscripciones ci1_0 
    set
        estado='EXPIRADO',
        fecha_resolucion=? 
    where
        ci1_0.estado='PENDIENTE' 
        and ci1_0.fecha_expiracion<?
2026-06-02 08:10:40.208 - 
    update
        cola_inscripciones ci1_0 
    set
        estado='EXPIRADO',
        fecha_resolucion=? 
    where
        ci1_0.estado='PENDIENTE' 
        and ci1_0.fecha_expiracion<?
2026-06-02 08:11:40.212 - 
    update
        cola_inscripciones ci1_0 
    set
        estado='EXPIRADO',
        fecha_resolucion=? 
    where
        ci1_0.estado='PENDIENTE' 
        and ci1_0.fecha_expiracion<?
2026-06-02 08:12:40.215 - 
    update
        cola_inscripciones ci1_0 
    set
        estado='EXPIRADO',
        fecha_resolucion=? 
    where
        ci1_0.estado='PENDIENTE' 
        and ci1_0.fecha_expiracion<?
2026-06-02 08:13:40.218 - 
    update
        cola_inscripciones ci1_0 
    set
        estado='EXPIRADO',
        fecha_resolucion=? 
    where
        ci1_0.estado='PENDIENTE' 
        and ci1_0.fecha_expiracion<?
2026-06-02 08:14:40.221 - 
    update
        cola_inscripciones ci1_0 
    set
        estado='EXPIRADO',
        fecha_resolucion=? 
    where
        ci1_0.estado='PENDIENTE' 
        and ci1_0.fecha_expiracion<?
2026-06-02 08:15:40.225 - 
    update
        cola_inscripciones ci1_0 
    set
        estado='EXPIRADO',
        fecha_resolucion=? 
    where
        ci1_0.estado='PENDIENTE' 
        and ci1_0.fecha_expiracion<?
2026-06-02 08:16:40.228 - 
    update
        cola_inscripciones ci1_0 
    set
        estado='EXPIRADO',
        fecha_resolucion=? 
    where
        ci1_0.estado='PENDIENTE' 
        and ci1_0.fecha_expiracion<?
2026-06-02 08:17:40.231 - 
    update
        cola_inscripciones ci1_0 
    set
        estado='EXPIRADO',
        fecha_resolucion=? 
    where
        ci1_0.estado='PENDIENTE' 
        and ci1_0.fecha_expiracion<?
2026-06-02 08:18:40.234 - 
    update
        cola_inscripciones ci1_0 
    set
        estado='EXPIRADO',
        fecha_resolucion=? 
    where
        ci1_0.estado='PENDIENTE' 
        and ci1_0.fecha_expiracion<?
2026-06-02 08:19:40.238 - 
    update
        cola_inscripciones ci1_0 
    set
        estado='EXPIRADO',
        fecha_resolucion=? 
    where
        ci1_0.estado='PENDIENTE' 
        and ci1_0.fecha_expiracion<?
2026-06-02 08:20:40.241 - 
    update
        cola_inscripciones ci1_0 
    set
        estado='EXPIRADO',
        fecha_resolucion=? 
    where
        ci1_0.estado='PENDIENTE' 
        and ci1_0.fecha_expiracion<?
2026-06-02 08:21:40.244 - 
    update
        cola_inscripciones ci1_0 
    set
        estado='EXPIRADO',
        fecha_resolucion=? 
    where
        ci1_0.estado='PENDIENTE' 
        and ci1_0.fecha_expiracion<?
2026-06-02 08:22:40.248 - 
    update
        cola_inscripciones ci1_0 
    set
        estado='EXPIRADO',
        fecha_resolucion=? 
    where
        ci1_0.estado='PENDIENTE' 
        and ci1_0.fecha_expiracion<?
2026-06-02 08:23:40.251 - 
    update
        cola_inscripciones ci1_0 
    set
        estado='EXPIRADO',
        fecha_resolucion=? 
    where
        ci1_0.estado='PENDIENTE' 
        and ci1_0.fecha_expiracion<?
2026-06-02 08:24:40.254 - 
    update
        cola_inscripciones ci1_0 
    set
        estado='EXPIRADO',
        fecha_resolucion=? 
    where
        ci1_0.estado='PENDIENTE' 
        and ci1_0.fecha_expiracion<?
2026-06-02 08:25:40.258 - 
    update
        cola_inscripciones ci1_0 
    set
        estado='EXPIRADO',
        fecha_resolucion=? 
    where
        ci1_0.estado='PENDIENTE' 
        and ci1_0.fecha_expiracion<?
2026-06-02 08:26:40.261 - 
    update
        cola_inscripciones ci1_0 
    set
        estado='EXPIRADO',
        fecha_resolucion=? 
    where
        ci1_0.estado='PENDIENTE' 
        and ci1_0.fecha_expiracion<?
2026-06-02 08:27:40.264 - 
    update
        cola_inscripciones ci1_0 
    set
        estado='EXPIRADO',
        fecha_resolucion=? 
    where
        ci1_0.estado='PENDIENTE' 
        and ci1_0.fecha_expiracion<?
2026-06-02 08:28:40.267 - 
    update
        cola_inscripciones ci1_0 
    set
        estado='EXPIRADO',
        fecha_resolucion=? 
    where
        ci1_0.estado='PENDIENTE' 
        and ci1_0.fecha_expiracion<?
2026-06-02 08:29:40.270 - 
    update
        cola_inscripciones ci1_0 
    set
        estado='EXPIRADO',
        fecha_resolucion=? 
    where
        ci1_0.estado='PENDIENTE' 
        and ci1_0.fecha_expiracion<?
2026-06-02 08:30:40.274 - 
    update
        cola_inscripciones ci1_0 
    set
        estado='EXPIRADO',
        fecha_resolucion=? 
    where
        ci1_0.estado='PENDIENTE' 
        and ci1_0.fecha_expiracion<?
2026-06-02 08:31:40.277 - 
    update
        cola_inscripciones ci1_0 
    set
        estado='EXPIRADO',
        fecha_resolucion=? 
    where
        ci1_0.estado='PENDIENTE' 
        and ci1_0.fecha_expiracion<?
2026-06-02 08:32:40.280 - 
    update
        cola_inscripciones ci1_0 
    set
        estado='EXPIRADO',
        fecha_resolucion=? 
    where
        ci1_0.estado='PENDIENTE' 
        and ci1_0.fecha_expiracion<?
2026-06-02 08:33:40.283 - 
    update
        cola_inscripciones ci1_0 
    set
        estado='EXPIRADO',
        fecha_resolucion=? 
    where
        ci1_0.estado='PENDIENTE' 
        and ci1_0.fecha_expiracion<?
2026-06-02 08:34:40.286 - 
    update
        cola_inscripciones ci1_0 
    set
        estado='EXPIRADO',
        fecha_resolucion=? 
    where
        ci1_0.estado='PENDIENTE' 
        and ci1_0.fecha_expiracion<?
2026-06-02 08:35:40.289 - 
    update
        cola_inscripciones ci1_0 
    set
        estado='EXPIRADO',
        fecha_resolucion=? 
    where
        ci1_0.estado='PENDIENTE' 
        and ci1_0.fecha_expiracion<?
2026-06-02 08:36:40.291 - 
    update
        cola_inscripciones ci1_0 
    set
        estado='EXPIRADO',
        fecha_resolucion=? 
    where
        ci1_0.estado='PENDIENTE' 
        and ci1_0.fecha_expiracion<?
2026-06-02 08:37:40.295 - 
    update
        cola_inscripciones ci1_0 
    set
        estado='EXPIRADO',
        fecha_resolucion=? 
    where
        ci1_0.estado='PENDIENTE' 
        and ci1_0.fecha_expiracion<?
2026-06-02 08:38:40.298 - 
    update
        cola_inscripciones ci1_0 
    set
        estado='EXPIRADO',
        fecha_resolucion=? 
    where
        ci1_0.estado='PENDIENTE' 
        and ci1_0.fecha_expiracion<?
2026-06-02 08:39:40.300 - 
    update
        cola_inscripciones ci1_0 
    set
        estado='EXPIRADO',
        fecha_resolucion=? 
    where
        ci1_0.estado='PENDIENTE' 
        and ci1_0.fecha_expiracion<?
2026-06-02 08:40:40.303 - 
    update
        cola_inscripciones ci1_0 
    set
        estado='EXPIRADO',
        fecha_resolucion=? 
    where
        ci1_0.estado='PENDIENTE' 
        and ci1_0.fecha_expiracion<?
2026-06-02 08:41:40.306 - 
    update
        cola_inscripciones ci1_0 
    set
        estado='EXPIRADO',
        fecha_resolucion=? 
    where
        ci1_0.estado='PENDIENTE' 
        and ci1_0.fecha_expiracion<?
2026-06-02 08:42:40.309 - 
    update
        cola_inscripciones ci1_0 
    set
        estado='EXPIRADO',
        fecha_resolucion=? 
    where
        ci1_0.estado='PENDIENTE' 
        and ci1_0.fecha_expiracion<?
2026-06-02 08:43:40.312 - 
    update
        cola_inscripciones ci1_0 
    set
        estado='EXPIRADO',
        fecha_resolucion=? 
    where
        ci1_0.estado='PENDIENTE' 
        and ci1_0.fecha_expiracion<?
2026-06-02 08:44:40.315 - 
    update
        cola_inscripciones ci1_0 
    set
        estado='EXPIRADO',
        fecha_resolucion=? 
    where
        ci1_0.estado='PENDIENTE' 
        and ci1_0.fecha_expiracion<?
2026-06-02 08:45:40.319 - 
    update
        cola_inscripciones ci1_0 
    set
        estado='EXPIRADO',
        fecha_resolucion=? 
    where
        ci1_0.estado='PENDIENTE' 
        and ci1_0.fecha_expiracion<?
2026-06-02 08:46:40.322 - 
    update
        cola_inscripciones ci1_0 
    set
        estado='EXPIRADO',
        fecha_resolucion=? 
    where
        ci1_0.estado='PENDIENTE' 
        and ci1_0.fecha_expiracion<?
2026-06-02 08:47:40.325 - 
    update
        cola_inscripciones ci1_0 
    set
        estado='EXPIRADO',
        fecha_resolucion=? 
    where
        ci1_0.estado='PENDIENTE' 
        and ci1_0.fecha_expiracion<?
2026-06-02 08:48:40.328 - 
    update
        cola_inscripciones ci1_0 
    set
        estado='EXPIRADO',
        fecha_resolucion=? 
    where
        ci1_0.estado='PENDIENTE' 
        and ci1_0.fecha_expiracion<?
2026-06-02 08:49:40.331 - 
    update
        cola_inscripciones ci1_0 
    set
        estado='EXPIRADO',
        fecha_resolucion=? 
    where
        ci1_0.estado='PENDIENTE' 
        and ci1_0.fecha_expiracion<?
2026-06-02 08:50:40.334 - 
    update
        cola_inscripciones ci1_0 
    set
        estado='EXPIRADO',
        fecha_resolucion=? 
    where
        ci1_0.estado='PENDIENTE' 
        and ci1_0.fecha_expiracion<?
2026-06-02 08:51:40.337 - 
    update
        cola_inscripciones ci1_0 
    set
        estado='EXPIRADO',
        fecha_resolucion=? 
    where
        ci1_0.estado='PENDIENTE' 
        and ci1_0.fecha_expiracion<?
2026-06-02 08:52:40.340 - 
    update
        cola_inscripciones ci1_0 
    set
        estado='EXPIRADO',
        fecha_resolucion=? 
    where
        ci1_0.estado='PENDIENTE' 
        and ci1_0.fecha_expiracion<?
2026-06-02 08:53:40.343 - 
    update
        cola_inscripciones ci1_0 
    set
        estado='EXPIRADO',
        fecha_resolucion=? 
    where
        ci1_0.estado='PENDIENTE' 
        and ci1_0.fecha_expiracion<?
2026-06-02 08:54:40.347 - 
    update
        cola_inscripciones ci1_0 
    set
        estado='EXPIRADO',
        fecha_resolucion=? 
    where
        ci1_0.estado='PENDIENTE' 
        and ci1_0.fecha_expiracion<?
2026-06-02 08:55:40.350 - 
    update
        cola_inscripciones ci1_0 
    set
        estado='EXPIRADO',
        fecha_resolucion=? 
    where
        ci1_0.estado='PENDIENTE' 
        and ci1_0.fecha_expiracion<?
2026-06-02 08:56:40.353 - 
    update
        cola_inscripciones ci1_0 
    set
        estado='EXPIRADO',
        fecha_resolucion=? 
    where
        ci1_0.estado='PENDIENTE' 
        and ci1_0.fecha_expiracion<?
2026-06-02 08:57:40.356 - 
    update
        cola_inscripciones ci1_0 
    set
        estado='EXPIRADO',
        fecha_resolucion=? 
    where
        ci1_0.estado='PENDIENTE' 
        and ci1_0.fecha_expiracion<?
2026-06-02 08:58:40.358 - 
    update
        cola_inscripciones ci1_0 
    set
        estado='EXPIRADO',
        fecha_resolucion=? 
    where
        ci1_0.estado='PENDIENTE' 
        and ci1_0.fecha_expiracion<?
2026-06-02 08:59:40.362 - 
    update
        cola_inscripciones ci1_0 
    set
        estado='EXPIRADO',
        fecha_resolucion=? 
    where
        ci1_0.estado='PENDIENTE' 
        and ci1_0.fecha_expiracion<?
2026-06-02 09:00:40.365 - 
    update
        cola_inscripciones ci1_0 
    set
        estado='EXPIRADO',
        fecha_resolucion=? 
    where
        ci1_0.estado='PENDIENTE' 
        and ci1_0.fecha_expiracion<?
2026-06-02 09:01:40.368 - 
    update
        cola_inscripciones ci1_0 
    set
        estado='EXPIRADO',
        fecha_resolucion=? 
    where
        ci1_0.estado='PENDIENTE' 
        and ci1_0.fecha_expiracion<?
2026-06-02 09:02:40.371 - 
    update
        cola_inscripciones ci1_0 
    set
        estado='EXPIRADO',
        fecha_resolucion=? 
    where
        ci1_0.estado='PENDIENTE' 
        and ci1_0.fecha_expiracion<?
2026-06-02 09:03:40.373 - 
    update
        cola_inscripciones ci1_0 
    set
        estado='EXPIRADO',
        fecha_resolucion=? 
    where
        ci1_0.estado='PENDIENTE' 
        and ci1_0.fecha_expiracion<?
2026-06-02 09:04:40.376 - 
    update
        cola_inscripciones ci1_0 
    set
        estado='EXPIRADO',
        fecha_resolucion=? 
    where
        ci1_0.estado='PENDIENTE' 
        and ci1_0.fecha_expiracion<?
2026-06-02 09:05:40.379 - 
    update
        cola_inscripciones ci1_0 
    set
        estado='EXPIRADO',
        fecha_resolucion=? 
    where
        ci1_0.estado='PENDIENTE' 
        and ci1_0.fecha_expiracion<?
2026-06-02 09:06:40.382 - 
    update
        cola_inscripciones ci1_0 
    set
        estado='EXPIRADO',
        fecha_resolucion=? 
    where
        ci1_0.estado='PENDIENTE' 
        and ci1_0.fecha_expiracion<?
2026-06-02 09:07:40.384 - 
    update
        cola_inscripciones ci1_0 
    set
        estado='EXPIRADO',
        fecha_resolucion=? 
    where
        ci1_0.estado='PENDIENTE' 
        and ci1_0.fecha_expiracion<?
2026-06-02 09:08:40.387 - 
    update
        cola_inscripciones ci1_0 
    set
        estado='EXPIRADO',
        fecha_resolucion=? 
    where
        ci1_0.estado='PENDIENTE' 
        and ci1_0.fecha_expiracion<?
2026-06-02 09:09:40.390 - 
    update
        cola_inscripciones ci1_0 
    set
        estado='EXPIRADO',
        fecha_resolucion=? 
    where
        ci1_0.estado='PENDIENTE' 
        and ci1_0.fecha_expiracion<?
2026-06-02 09:10:40.393 - 
    update
        cola_inscripciones ci1_0 
    set
        estado='EXPIRADO',
        fecha_resolucion=? 
    where
        ci1_0.estado='PENDIENTE' 
        and ci1_0.fecha_expiracion<?
2026-06-02 09:11:40.396 - 
    update
        cola_inscripciones ci1_0 
    set
        estado='EXPIRADO',
        fecha_resolucion=? 
    where
        ci1_0.estado='PENDIENTE' 
        and ci1_0.fecha_expiracion<?
2026-06-02 09:12:40.398 - 
    update
        cola_inscripciones ci1_0 
    set
        estado='EXPIRADO',
        fecha_resolucion=? 
    where
        ci1_0.estado='PENDIENTE' 
        and ci1_0.fecha_expiracion<?
2026-06-02 09:13:40.401 - 
    update
        cola_inscripciones ci1_0 
    set
        estado='EXPIRADO',
        fecha_resolucion=? 
    where
        ci1_0.estado='PENDIENTE' 
        and ci1_0.fecha_expiracion<?
2026-06-02 09:14:40.404 - 
    update
        cola_inscripciones ci1_0 
    set
        estado='EXPIRADO',
        fecha_resolucion=? 
    where
        ci1_0.estado='PENDIENTE' 
        and ci1_0.fecha_expiracion<?
2026-06-02 09:15:40.407 - 
    update
        cola_inscripciones ci1_0 
    set
        estado='EXPIRADO',
        fecha_resolucion=? 
    where
        ci1_0.estado='PENDIENTE' 
        and ci1_0.fecha_expiracion<?
2026-06-02 09:16:40.410 - 
    update
        cola_inscripciones ci1_0 
    set
        estado='EXPIRADO',
        fecha_resolucion=? 
    where
        ci1_0.estado='PENDIENTE' 
        and ci1_0.fecha_expiracion<?
2026-06-02 09:17:40.413 - 
    update
        cola_inscripciones ci1_0 
    set
        estado='EXPIRADO',
        fecha_resolucion=? 
    where
        ci1_0.estado='PENDIENTE' 
        and ci1_0.fecha_expiracion<?
2026-06-02 09:18:40.416 - 
    update
        cola_inscripciones ci1_0 
    set
        estado='EXPIRADO',
        fecha_resolucion=? 
    where
        ci1_0.estado='PENDIENTE' 
        and ci1_0.fecha_expiracion<?
2026-06-02 09:19:40.419 - 
    update
        cola_inscripciones ci1_0 
    set
        estado='EXPIRADO',
        fecha_resolucion=? 
    where
        ci1_0.estado='PENDIENTE' 
        and ci1_0.fecha_expiracion<?
2026-06-02 09:20:40.422 - 
    update
        cola_inscripciones ci1_0 
    set
        estado='EXPIRADO',
        fecha_resolucion=? 
    where
        ci1_0.estado='PENDIENTE' 
        and ci1_0.fecha_expiracion<?
2026-06-02 09:21:40.425 - 
    update
        cola_inscripciones ci1_0 
    set
        estado='EXPIRADO',
        fecha_resolucion=? 
    where
        ci1_0.estado='PENDIENTE' 
        and ci1_0.fecha_expiracion<?
2026-06-02 09:22:40.428 - 
    update
        cola_inscripciones ci1_0 
    set
        estado='EXPIRADO',
        fecha_resolucion=? 
    where
        ci1_0.estado='PENDIENTE' 
        and ci1_0.fecha_expiracion<?
2026-06-02 09:23:40.432 - 
    update
        cola_inscripciones ci1_0 
    set
        estado='EXPIRADO',
        fecha_resolucion=? 
    where
        ci1_0.estado='PENDIENTE' 
        and ci1_0.fecha_expiracion<?
2026-06-02 09:24:40.435 - 
    update
        cola_inscripciones ci1_0 
    set
        estado='EXPIRADO',
        fecha_resolucion=? 
    where
        ci1_0.estado='PENDIENTE' 
        and ci1_0.fecha_expiracion<?
2026-06-02 09:25:40.438 - 
    update
        cola_inscripciones ci1_0 
    set
        estado='EXPIRADO',
        fecha_resolucion=? 
    where
        ci1_0.estado='PENDIENTE' 
        and ci1_0.fecha_expiracion<?
2026-06-02 09:26:40.444 - 
    update
        cola_inscripciones ci1_0 
    set
        estado='EXPIRADO',
        fecha_resolucion=? 
    where
        ci1_0.estado='PENDIENTE' 
        and ci1_0.fecha_expiracion<?
2026-06-02 09:27:40.447 - 
    update
        cola_inscripciones ci1_0 
    set
        estado='EXPIRADO',
        fecha_resolucion=? 
    where
        ci1_0.estado='PENDIENTE' 
        and ci1_0.fecha_expiracion<?
2026-06-02 09:28:40.450 - 
    update
        cola_inscripciones ci1_0 
    set
        estado='EXPIRADO',
        fecha_resolucion=? 
    where
        ci1_0.estado='PENDIENTE' 
        and ci1_0.fecha_expiracion<?
2026-06-02 09:29:40.453 - 
    update
        cola_inscripciones ci1_0 
    set
        estado='EXPIRADO',
        fecha_resolucion=? 
    where
        ci1_0.estado='PENDIENTE' 
        and ci1_0.fecha_expiracion<?
2026-06-02 09:30:40.456 - 
    update
        cola_inscripciones ci1_0 
    set
        estado='EXPIRADO',
        fecha_resolucion=? 
    where
        ci1_0.estado='PENDIENTE' 
        and ci1_0.fecha_expiracion<?
2026-06-02 09:31:40.459 - 
    update
        cola_inscripciones ci1_0 
    set
        estado='EXPIRADO',
        fecha_resolucion=? 
    where
        ci1_0.estado='PENDIENTE' 
        and ci1_0.fecha_expiracion<?
2026-06-02 09:32:40.461 - 
    update
        cola_inscripciones ci1_0 
    set
        estado='EXPIRADO',
        fecha_resolucion=? 
    where
        ci1_0.estado='PENDIENTE' 
        and ci1_0.fecha_expiracion<?
2026-06-02 09:33:40.465 - 
    update
        cola_inscripciones ci1_0 
    set
        estado='EXPIRADO',
        fecha_resolucion=? 
    where
        ci1_0.estado='PENDIENTE' 
        and ci1_0.fecha_expiracion<?
2026-06-02 09:34:40.467 - 
    update
        cola_inscripciones ci1_0 
    set
        estado='EXPIRADO',
        fecha_resolucion=? 
    where
        ci1_0.estado='PENDIENTE' 
        and ci1_0.fecha_expiracion<?
2026-06-02 09:35:40.470 - 
    update
        cola_inscripciones ci1_0 
    set
        estado='EXPIRADO',
        fecha_resolucion=? 
    where
        ci1_0.estado='PENDIENTE' 
        and ci1_0.fecha_expiracion<?
2026-06-02 09:36:40.474 - 
    update
        cola_inscripciones ci1_0 
    set
        estado='EXPIRADO',
        fecha_resolucion=? 
    where
        ci1_0.estado='PENDIENTE' 
        and ci1_0.fecha_expiracion<?
2026-06-02 09:37:40.477 - 
    update
        cola_inscripciones ci1_0 
    set
        estado='EXPIRADO',
        fecha_resolucion=? 
    where
        ci1_0.estado='PENDIENTE' 
        and ci1_0.fecha_expiracion<?
2026-06-02 09:38:40.479 - 
    update
        cola_inscripciones ci1_0 
    set
        estado='EXPIRADO',
        fecha_resolucion=? 
    where
        ci1_0.estado='PENDIENTE' 
        and ci1_0.fecha_expiracion<?
2026-06-02 09:39:40.482 - 
    update
        cola_inscripciones ci1_0 
    set
        estado='EXPIRADO',
        fecha_resolucion=? 
    where
        ci1_0.estado='PENDIENTE' 
        and ci1_0.fecha_expiracion<?
2026-06-02 09:40:40.485 - 
    update
        cola_inscripciones ci1_0 
    set
        estado='EXPIRADO',
        fecha_resolucion=? 
    where
        ci1_0.estado='PENDIENTE' 
        and ci1_0.fecha_expiracion<?
2026-06-02 09:41:40.489 - 
    update
        cola_inscripciones ci1_0 
    set
        estado='EXPIRADO',
        fecha_resolucion=? 
    where
        ci1_0.estado='PENDIENTE' 
        and ci1_0.fecha_expiracion<?
2026-06-02 09:42:40.491 - 
    update
        cola_inscripciones ci1_0 
    set
        estado='EXPIRADO',
        fecha_resolucion=? 
    where
        ci1_0.estado='PENDIENTE' 
        and ci1_0.fecha_expiracion<?
2026-06-02 09:43:40.495 - 
    update
        cola_inscripciones ci1_0 
    set
        estado='EXPIRADO',
        fecha_resolucion=? 
    where
        ci1_0.estado='PENDIENTE' 
        and ci1_0.fecha_expiracion<?
2026-06-02 09:44:40.497 - 
    update
        cola_inscripciones ci1_0 
    set
        estado='EXPIRADO',
        fecha_resolucion=? 
    where
        ci1_0.estado='PENDIENTE' 
        and ci1_0.fecha_expiracion<?
2026-06-02 09:45:40.500 - 
    update
        cola_inscripciones ci1_0 
    set
        estado='EXPIRADO',
        fecha_resolucion=? 
    where
        ci1_0.estado='PENDIENTE' 
        and ci1_0.fecha_expiracion<?
2026-06-02 09:46:40.503 - 
    update
        cola_inscripciones ci1_0 
    set
        estado='EXPIRADO',
        fecha_resolucion=? 
    where
        ci1_0.estado='PENDIENTE' 
        and ci1_0.fecha_expiracion<?
2026-06-02 09:47:40.506 - 
    update
        cola_inscripciones ci1_0 
    set
        estado='EXPIRADO',
        fecha_resolucion=? 
    where
        ci1_0.estado='PENDIENTE' 
        and ci1_0.fecha_expiracion<?
2026-06-02 09:48:40.510 - 
    update
        cola_inscripciones ci1_0 
    set
        estado='EXPIRADO',
        fecha_resolucion=? 
    where
        ci1_0.estado='PENDIENTE' 
        and ci1_0.fecha_expiracion<?
2026-06-02 09:49:40.513 - 
    update
        cola_inscripciones ci1_0 
    set
        estado='EXPIRADO',
        fecha_resolucion=? 
    where
        ci1_0.estado='PENDIENTE' 
        and ci1_0.fecha_expiracion<?
2026-06-02 09:50:40.516 - 
    update
        cola_inscripciones ci1_0 
    set
        estado='EXPIRADO',
        fecha_resolucion=? 
    where
        ci1_0.estado='PENDIENTE' 
        and ci1_0.fecha_expiracion<?
2026-06-02 09:51:40.519 - 
    update
        cola_inscripciones ci1_0 
    set
        estado='EXPIRADO',
        fecha_resolucion=? 
    where
        ci1_0.estado='PENDIENTE' 
        and ci1_0.fecha_expiracion<?
2026-06-02 09:52:40.522 - 
    update
        cola_inscripciones ci1_0 
    set
        estado='EXPIRADO',
        fecha_resolucion=? 
    where
        ci1_0.estado='PENDIENTE' 
        and ci1_0.fecha_expiracion<?
2026-06-02 09:53:40.525 - 
    update
        cola_inscripciones ci1_0 
    set
        estado='EXPIRADO',
        fecha_resolucion=? 
    where
        ci1_0.estado='PENDIENTE' 
        and ci1_0.fecha_expiracion<?
2026-06-02 09:54:40.528 - 
    update
        cola_inscripciones ci1_0 
    set
        estado='EXPIRADO',
        fecha_resolucion=? 
    where
        ci1_0.estado='PENDIENTE' 
        and ci1_0.fecha_expiracion<?
2026-06-02 09:55:40.531 - 
    update
        cola_inscripciones ci1_0 
    set
        estado='EXPIRADO',
        fecha_resolucion=? 
    where
        ci1_0.estado='PENDIENTE' 
        and ci1_0.fecha_expiracion<?
2026-06-02 09:56:40.534 - 
    update
        cola_inscripciones ci1_0 
    set
        estado='EXPIRADO',
        fecha_resolucion=? 
    where
        ci1_0.estado='PENDIENTE' 
        and ci1_0.fecha_expiracion<?
2026-06-02 09:57:40.537 - 
    update
        cola_inscripciones ci1_0 
    set
        estado='EXPIRADO',
        fecha_resolucion=? 
    where
        ci1_0.estado='PENDIENTE' 
        and ci1_0.fecha_expiracion<?
2026-06-02 09:58:40.540 - 
    update
        cola_inscripciones ci1_0 
    set
        estado='EXPIRADO',
        fecha_resolucion=? 
    where
        ci1_0.estado='PENDIENTE' 
        and ci1_0.fecha_expiracion<?
2026-06-02 09:59:40.543 - 
    update
        cola_inscripciones ci1_0 
    set
        estado='EXPIRADO',
        fecha_resolucion=? 
    where
        ci1_0.estado='PENDIENTE' 
        and ci1_0.fecha_expiracion<?
2026-06-02 10:00:40.546 - 
    update
        cola_inscripciones ci1_0 
    set
        estado='EXPIRADO',
        fecha_resolucion=? 
    where
        ci1_0.estado='PENDIENTE' 
        and ci1_0.fecha_expiracion<?
2026-06-02 10:01:40.549 - 
    update
        cola_inscripciones ci1_0 
    set
        estado='EXPIRADO',
        fecha_resolucion=? 
    where
        ci1_0.estado='PENDIENTE' 
        and ci1_0.fecha_expiracion<?
2026-06-02 10:02:40.552 - 
    update
        cola_inscripciones ci1_0 
    set
        estado='EXPIRADO',
        fecha_resolucion=? 
    where
        ci1_0.estado='PENDIENTE' 
        and ci1_0.fecha_expiracion<?
2026-06-02 10:03:40.555 - 
    update
        cola_inscripciones ci1_0 
    set
        estado='EXPIRADO',
        fecha_resolucion=? 
    where
        ci1_0.estado='PENDIENTE' 
        and ci1_0.fecha_expiracion<?
2026-06-02 10:04:40.559 - 
    update
        cola_inscripciones ci1_0 
    set
        estado='EXPIRADO',
        fecha_resolucion=? 
    where
        ci1_0.estado='PENDIENTE' 
        and ci1_0.fecha_expiracion<?
2026-06-02 10:05:40.562 - 
    update
        cola_inscripciones ci1_0 
    set
        estado='EXPIRADO',
        fecha_resolucion=? 
    where
        ci1_0.estado='PENDIENTE' 
        and ci1_0.fecha_expiracion<?
2026-06-02 10:06:40.565 - 
    update
        cola_inscripciones ci1_0 
    set
        estado='EXPIRADO',
        fecha_resolucion=? 
    where
        ci1_0.estado='PENDIENTE' 
        and ci1_0.fecha_expiracion<?
2026-06-02 10:07:40.568 - 
    update
        cola_inscripciones ci1_0 
    set
        estado='EXPIRADO',
        fecha_resolucion=? 
    where
        ci1_0.estado='PENDIENTE' 
        and ci1_0.fecha_expiracion<?
2026-06-02 10:08:40.571 - 
    update
        cola_inscripciones ci1_0 
    set
        estado='EXPIRADO',
        fecha_resolucion=? 
    where
        ci1_0.estado='PENDIENTE' 
        and ci1_0.fecha_expiracion<?
2026-06-02 10:09:40.574 - 
    update
        cola_inscripciones ci1_0 
    set
        estado='EXPIRADO',
        fecha_resolucion=? 
    where
        ci1_0.estado='PENDIENTE' 
        and ci1_0.fecha_expiracion<?
2026-06-02 10:10:40.577 - 
    update
        cola_inscripciones ci1_0 
    set
        estado='EXPIRADO',
        fecha_resolucion=? 
    where
        ci1_0.estado='PENDIENTE' 
        and ci1_0.fecha_expiracion<?
2026-06-02 10:11:40.580 - 
    update
        cola_inscripciones ci1_0 
    set
        estado='EXPIRADO',
        fecha_resolucion=? 
    where
        ci1_0.estado='PENDIENTE' 
        and ci1_0.fecha_expiracion<?
2026-06-02 10:12:40.583 - 
    update
        cola_inscripciones ci1_0 
    set
        estado='EXPIRADO',
        fecha_resolucion=? 
    where
        ci1_0.estado='PENDIENTE' 
        and ci1_0.fecha_expiracion<?
2026-06-02 10:13:40.585 - 
    update
        cola_inscripciones ci1_0 
    set
        estado='EXPIRADO',
        fecha_resolucion=? 
    where
        ci1_0.estado='PENDIENTE' 
        and ci1_0.fecha_expiracion<?
2026-06-02 10:14:40.588 - 
    update
        cola_inscripciones ci1_0 
    set
        estado='EXPIRADO',
        fecha_resolucion=? 
    where
        ci1_0.estado='PENDIENTE' 
        and ci1_0.fecha_expiracion<?
2026-06-02 10:15:40.590 - 
    update
        cola_inscripciones ci1_0 
    set
        estado='EXPIRADO',
        fecha_resolucion=? 
    where
        ci1_0.estado='PENDIENTE' 
        and ci1_0.fecha_expiracion<?
2026-06-02 10:16:40.593 - 
    update
        cola_inscripciones ci1_0 
    set
        estado='EXPIRADO',
        fecha_resolucion=? 
    where
        ci1_0.estado='PENDIENTE' 
        and ci1_0.fecha_expiracion<?
2026-06-02 10:17:40.596 - 
    update
        cola_inscripciones ci1_0 
    set
        estado='EXPIRADO',
        fecha_resolucion=? 
    where
        ci1_0.estado='PENDIENTE' 
        and ci1_0.fecha_expiracion<?
2026-06-02 10:18:40.598 - 
    update
        cola_inscripciones ci1_0 
    set
        estado='EXPIRADO',
        fecha_resolucion=? 
    where
        ci1_0.estado='PENDIENTE' 
        and ci1_0.fecha_expiracion<?
2026-06-02 10:19:40.602 - 
    update
        cola_inscripciones ci1_0 
    set
        estado='EXPIRADO',
        fecha_resolucion=? 
    where
        ci1_0.estado='PENDIENTE' 
        and ci1_0.fecha_expiracion<?
2026-06-02 10:20:40.605 - 
    update
        cola_inscripciones ci1_0 
    set
        estado='EXPIRADO',
        fecha_resolucion=? 
    where
        ci1_0.estado='PENDIENTE' 
        and ci1_0.fecha_expiracion<?
2026-06-02 10:21:40.608 - 
    update
        cola_inscripciones ci1_0 
    set
        estado='EXPIRADO',
        fecha_resolucion=? 
    where
        ci1_0.estado='PENDIENTE' 
        and ci1_0.fecha_expiracion<?
2026-06-02 10:22:40.610 - 
    update
        cola_inscripciones ci1_0 
    set
        estado='EXPIRADO',
        fecha_resolucion=? 
    where
        ci1_0.estado='PENDIENTE' 
        and ci1_0.fecha_expiracion<?
2026-06-02 10:23:40.613 - 
    update
        cola_inscripciones ci1_0 
    set
        estado='EXPIRADO',
        fecha_resolucion=? 
    where
        ci1_0.estado='PENDIENTE' 
        and ci1_0.fecha_expiracion<?
2026-06-02 10:24:40.616 - 
    update
        cola_inscripciones ci1_0 
    set
        estado='EXPIRADO',
        fecha_resolucion=? 
    where
        ci1_0.estado='PENDIENTE' 
        and ci1_0.fecha_expiracion<?
2026-06-02 10:25:40.619 - 
    update
        cola_inscripciones ci1_0 
    set
        estado='EXPIRADO',
        fecha_resolucion=? 
    where
        ci1_0.estado='PENDIENTE' 
        and ci1_0.fecha_expiracion<?
2026-06-02 10:26:40.622 - 
    update
        cola_inscripciones ci1_0 
    set
        estado='EXPIRADO',
        fecha_resolucion=? 
    where
        ci1_0.estado='PENDIENTE' 
        and ci1_0.fecha_expiracion<?
2026-06-02 10:27:40.625 - 
    update
        cola_inscripciones ci1_0 
    set
        estado='EXPIRADO',
        fecha_resolucion=? 
    where
        ci1_0.estado='PENDIENTE' 
        and ci1_0.fecha_expiracion<?
2026-06-02 10:28:40.628 - 
    update
        cola_inscripciones ci1_0 
    set
        estado='EXPIRADO',
        fecha_resolucion=? 
    where
        ci1_0.estado='PENDIENTE' 
        and ci1_0.fecha_expiracion<?
2026-06-02 10:29:40.630 - 
    update
        cola_inscripciones ci1_0 
    set
        estado='EXPIRADO',
        fecha_resolucion=? 
    where
        ci1_0.estado='PENDIENTE' 
        and ci1_0.fecha_expiracion<?
2026-06-02 10:30:40.633 - 
    update
        cola_inscripciones ci1_0 
    set
        estado='EXPIRADO',
        fecha_resolucion=? 
    where
        ci1_0.estado='PENDIENTE' 
        and ci1_0.fecha_expiracion<?
2026-06-02 10:31:40.636 - 
    update
        cola_inscripciones ci1_0 
    set
        estado='EXPIRADO',
        fecha_resolucion=? 
    where
        ci1_0.estado='PENDIENTE' 
        and ci1_0.fecha_expiracion<?
2026-06-02 10:32:40.639 - 
    update
        cola_inscripciones ci1_0 
    set
        estado='EXPIRADO',
        fecha_resolucion=? 
    where
        ci1_0.estado='PENDIENTE' 
        and ci1_0.fecha_expiracion<?
2026-06-02 10:33:40.641 - 
    update
        cola_inscripciones ci1_0 
    set
        estado='EXPIRADO',
        fecha_resolucion=? 
    where
        ci1_0.estado='PENDIENTE' 
        and ci1_0.fecha_expiracion<?
2026-06-02 10:34:40.644 - 
    update
        cola_inscripciones ci1_0 
    set
        estado='EXPIRADO',
        fecha_resolucion=? 
    where
        ci1_0.estado='PENDIENTE' 
        and ci1_0.fecha_expiracion<?
2026-06-02 10:35:40.647 - 
    update
        cola_inscripciones ci1_0 
    set
        estado='EXPIRADO',
        fecha_resolucion=? 
    where
        ci1_0.estado='PENDIENTE' 
        and ci1_0.fecha_expiracion<?
2026-06-02 10:36:40.649 - 
    update
        cola_inscripciones ci1_0 
    set
        estado='EXPIRADO',
        fecha_resolucion=? 
    where
        ci1_0.estado='PENDIENTE' 
        and ci1_0.fecha_expiracion<?
2026-06-02 10:37:40.652 - 
    update
        cola_inscripciones ci1_0 
    set
        estado='EXPIRADO',
        fecha_resolucion=? 
    where
        ci1_0.estado='PENDIENTE' 
        and ci1_0.fecha_expiracion<?
2026-06-02 10:38:40.655 - 
    update
        cola_inscripciones ci1_0 
    set
        estado='EXPIRADO',
        fecha_resolucion=? 
    where
        ci1_0.estado='PENDIENTE' 
        and ci1_0.fecha_expiracion<?
2026-06-02 10:39:40.658 - 
    update
        cola_inscripciones ci1_0 
    set
        estado='EXPIRADO',
        fecha_resolucion=? 
    where
        ci1_0.estado='PENDIENTE' 
        and ci1_0.fecha_expiracion<?
2026-06-02 10:40:40.661 - 
    update
        cola_inscripciones ci1_0 
    set
        estado='EXPIRADO',
        fecha_resolucion=? 
    where
        ci1_0.estado='PENDIENTE' 
        and ci1_0.fecha_expiracion<?
2026-06-02 10:41:40.664 - 
    update
        cola_inscripciones ci1_0 
    set
        estado='EXPIRADO',
        fecha_resolucion=? 
    where
        ci1_0.estado='PENDIENTE' 
        and ci1_0.fecha_expiracion<?
2026-06-02 10:42:40.667 - 
    update
        cola_inscripciones ci1_0 
    set
        estado='EXPIRADO',
        fecha_resolucion=? 
    where
        ci1_0.estado='PENDIENTE' 
        and ci1_0.fecha_expiracion<?
2026-06-02 10:43:40.670 - 
    update
        cola_inscripciones ci1_0 
    set
        estado='EXPIRADO',
        fecha_resolucion=? 
    where
        ci1_0.estado='PENDIENTE' 
        and ci1_0.fecha_expiracion<?
2026-06-02 10:44:40.672 - 
    update
        cola_inscripciones ci1_0 
    set
        estado='EXPIRADO',
        fecha_resolucion=? 
    where
        ci1_0.estado='PENDIENTE' 
        and ci1_0.fecha_expiracion<?
2026-06-02 10:45:40.675 - 
    update
        cola_inscripciones ci1_0 
    set
        estado='EXPIRADO',
        fecha_resolucion=? 
    where
        ci1_0.estado='PENDIENTE' 
        and ci1_0.fecha_expiracion<?
2026-06-02 10:46:40.677 - 
    update
        cola_inscripciones ci1_0 
    set
        estado='EXPIRADO',
        fecha_resolucion=? 
    where
        ci1_0.estado='PENDIENTE' 
        and ci1_0.fecha_expiracion<?
2026-06-02 10:47:40.679 - 
    update
        cola_inscripciones ci1_0 
    set
        estado='EXPIRADO',
        fecha_resolucion=? 
    where
        ci1_0.estado='PENDIENTE' 
        and ci1_0.fecha_expiracion<?
2026-06-02 10:48:40.682 - 
    update
        cola_inscripciones ci1_0 
    set
        estado='EXPIRADO',
        fecha_resolucion=? 
    where
        ci1_0.estado='PENDIENTE' 
        and ci1_0.fecha_expiracion<?
2026-06-02 10:49:40.685 - 
    update
        cola_inscripciones ci1_0 
    set
        estado='EXPIRADO',
        fecha_resolucion=? 
    where
        ci1_0.estado='PENDIENTE' 
        and ci1_0.fecha_expiracion<?
2026-06-02 10:50:40.687 - 
    update
        cola_inscripciones ci1_0 
    set
        estado='EXPIRADO',
        fecha_resolucion=? 
    where
        ci1_0.estado='PENDIENTE' 
        and ci1_0.fecha_expiracion<?
2026-06-02 10:51:40.690 - 
    update
        cola_inscripciones ci1_0 
    set
        estado='EXPIRADO',
        fecha_resolucion=? 
    where
        ci1_0.estado='PENDIENTE' 
        and ci1_0.fecha_expiracion<?
2026-06-02 10:52:40.693 - 
    update
        cola_inscripciones ci1_0 
    set
        estado='EXPIRADO',
        fecha_resolucion=? 
    where
        ci1_0.estado='PENDIENTE' 
        and ci1_0.fecha_expiracion<?
2026-06-02 10:53:40.696 - 
    update
        cola_inscripciones ci1_0 
    set
        estado='EXPIRADO',
        fecha_resolucion=? 
    where
        ci1_0.estado='PENDIENTE' 
        and ci1_0.fecha_expiracion<?
2026-06-02 10:54:40.699 - 
    update
        cola_inscripciones ci1_0 
    set
        estado='EXPIRADO',
        fecha_resolucion=? 
    where
        ci1_0.estado='PENDIENTE' 
        and ci1_0.fecha_expiracion<?
2026-06-02 10:55:40.702 - 
    update
        cola_inscripciones ci1_0 
    set
        estado='EXPIRADO',
        fecha_resolucion=? 
    where
        ci1_0.estado='PENDIENTE' 
        and ci1_0.fecha_expiracion<?
2026-06-02 10:56:40.704 - 
    update
        cola_inscripciones ci1_0 
    set
        estado='EXPIRADO',
        fecha_resolucion=? 
    where
        ci1_0.estado='PENDIENTE' 
        and ci1_0.fecha_expiracion<?
2026-06-02 10:57:40.707 - 
    update
        cola_inscripciones ci1_0 
    set
        estado='EXPIRADO',
        fecha_resolucion=? 
    where
        ci1_0.estado='PENDIENTE' 
        and ci1_0.fecha_expiracion<?
2026-06-02 10:58:40.710 - 
    update
        cola_inscripciones ci1_0 
    set
        estado='EXPIRADO',
        fecha_resolucion=? 
    where
        ci1_0.estado='PENDIENTE' 
        and ci1_0.fecha_expiracion<?
2026-06-02 10:59:40.713 - 
    update
        cola_inscripciones ci1_0 
    set
        estado='EXPIRADO',
        fecha_resolucion=? 
    where
        ci1_0.estado='PENDIENTE' 
        and ci1_0.fecha_expiracion<?
2026-06-02 11:00:40.716 - 
    update
        cola_inscripciones ci1_0 
    set
        estado='EXPIRADO',
        fecha_resolucion=? 
    where
        ci1_0.estado='PENDIENTE' 
        and ci1_0.fecha_expiracion<?
2026-06-02 11:01:40.719 - 
    update
        cola_inscripciones ci1_0 
    set
        estado='EXPIRADO',
        fecha_resolucion=? 
    where
        ci1_0.estado='PENDIENTE' 
        and ci1_0.fecha_expiracion<?
2026-06-02 11:02:40.721 - 
    update
        cola_inscripciones ci1_0 
    set
        estado='EXPIRADO',
        fecha_resolucion=? 
    where
        ci1_0.estado='PENDIENTE' 
        and ci1_0.fecha_expiracion<?
2026-06-02 11:03:40.724 - 
    update
        cola_inscripciones ci1_0 
    set
        estado='EXPIRADO',
        fecha_resolucion=? 
    where
        ci1_0.estado='PENDIENTE' 
        and ci1_0.fecha_expiracion<?
2026-06-02 11:04:40.727 - 
    update
        cola_inscripciones ci1_0 
    set
        estado='EXPIRADO',
        fecha_resolucion=? 
    where
        ci1_0.estado='PENDIENTE' 
        and ci1_0.fecha_expiracion<?
2026-06-02 11:05:40.730 - 
    update
        cola_inscripciones ci1_0 
    set
        estado='EXPIRADO',
        fecha_resolucion=? 
    where
        ci1_0.estado='PENDIENTE' 
        and ci1_0.fecha_expiracion<?
2026-06-02 11:06:40.733 - 
    update
        cola_inscripciones ci1_0 
    set
        estado='EXPIRADO',
        fecha_resolucion=? 
    where
        ci1_0.estado='PENDIENTE' 
        and ci1_0.fecha_expiracion<?
2026-06-02 11:07:40.736 - 
    update
        cola_inscripciones ci1_0 
    set
        estado='EXPIRADO',
        fecha_resolucion=? 
    where
        ci1_0.estado='PENDIENTE' 
        and ci1_0.fecha_expiracion<?
2026-06-02 11:08:40.739 - 
    update
        cola_inscripciones ci1_0 
    set
        estado='EXPIRADO',
        fecha_resolucion=? 
    where
        ci1_0.estado='PENDIENTE' 
        and ci1_0.fecha_expiracion<?
2026-06-02 11:09:40.743 - 
    update
        cola_inscripciones ci1_0 
    set
        estado='EXPIRADO',
        fecha_resolucion=? 
    where
        ci1_0.estado='PENDIENTE' 
        and ci1_0.fecha_expiracion<?
2026-06-02 11:10:40.745 - 
    update
        cola_inscripciones ci1_0 
    set
        estado='EXPIRADO',
        fecha_resolucion=? 
    where
        ci1_0.estado='PENDIENTE' 
        and ci1_0.fecha_expiracion<?
2026-06-02 11:11:40.748 - 
    update
        cola_inscripciones ci1_0 
    set
        estado='EXPIRADO',
        fecha_resolucion=? 
    where
        ci1_0.estado='PENDIENTE' 
        and ci1_0.fecha_expiracion<?
2026-06-02 11:12:40.751 - 
    update
        cola_inscripciones ci1_0 
    set
        estado='EXPIRADO',
        fecha_resolucion=? 
    where
        ci1_0.estado='PENDIENTE' 
        and ci1_0.fecha_expiracion<?
2026-06-02 11:13:40.753 - 
    update
        cola_inscripciones ci1_0 
    set
        estado='EXPIRADO',
        fecha_resolucion=? 
    where
        ci1_0.estado='PENDIENTE' 
        and ci1_0.fecha_expiracion<?
2026-06-02 11:14:40.756 - 
    update
        cola_inscripciones ci1_0 
    set
        estado='EXPIRADO',
        fecha_resolucion=? 
    where
        ci1_0.estado='PENDIENTE' 
        and ci1_0.fecha_expiracion<?
2026-06-02 11:15:40.758 - 
    update
        cola_inscripciones ci1_0 
    set
        estado='EXPIRADO',
        fecha_resolucion=? 
    where
        ci1_0.estado='PENDIENTE' 
        and ci1_0.fecha_expiracion<?
2026-06-02 11:16:40.761 - 
    update
        cola_inscripciones ci1_0 
    set
        estado='EXPIRADO',
        fecha_resolucion=? 
    where
        ci1_0.estado='PENDIENTE' 
        and ci1_0.fecha_expiracion<?
2026-06-02 11:17:40.764 - 
    update
        cola_inscripciones ci1_0 
    set
        estado='EXPIRADO',
        fecha_resolucion=? 
    where
        ci1_0.estado='PENDIENTE' 
        and ci1_0.fecha_expiracion<?
2026-06-02 11:18:40.766 - 
    update
        cola_inscripciones ci1_0 
    set
        estado='EXPIRADO',
        fecha_resolucion=? 
    where
        ci1_0.estado='PENDIENTE' 
        and ci1_0.fecha_expiracion<?
2026-06-02 11:19:40.769 - 
    update
        cola_inscripciones ci1_0 
    set
        estado='EXPIRADO',
        fecha_resolucion=? 
    where
        ci1_0.estado='PENDIENTE' 
        and ci1_0.fecha_expiracion<?
2026-06-02 11:20:40.772 - 
    update
        cola_inscripciones ci1_0 
    set
        estado='EXPIRADO',
        fecha_resolucion=? 
    where
        ci1_0.estado='PENDIENTE' 
        and ci1_0.fecha_expiracion<?
2026-06-02 11:21:40.774 - 
    update
        cola_inscripciones ci1_0 
    set
        estado='EXPIRADO',
        fecha_resolucion=? 
    where
        ci1_0.estado='PENDIENTE' 
        and ci1_0.fecha_expiracion<?
2026-06-02 11:22:40.777 - 
    update
        cola_inscripciones ci1_0 
    set
        estado='EXPIRADO',
        fecha_resolucion=? 
    where
        ci1_0.estado='PENDIENTE' 
        and ci1_0.fecha_expiracion<?
2026-06-02 11:23:40.780 - 
    update
        cola_inscripciones ci1_0 
    set
        estado='EXPIRADO',
        fecha_resolucion=? 
    where
        ci1_0.estado='PENDIENTE' 
        and ci1_0.fecha_expiracion<?
2026-06-02 11:24:40.782 - 
    update
        cola_inscripciones ci1_0 
    set
        estado='EXPIRADO',
        fecha_resolucion=? 
    where
        ci1_0.estado='PENDIENTE' 
        and ci1_0.fecha_expiracion<?
2026-06-02 11:25:40.784 - 
    update
        cola_inscripciones ci1_0 
    set
        estado='EXPIRADO',
        fecha_resolucion=? 
    where
        ci1_0.estado='PENDIENTE' 
        and ci1_0.fecha_expiracion<?
2026-06-02 11:26:40.787 - 
    update
        cola_inscripciones ci1_0 
    set
        estado='EXPIRADO',
        fecha_resolucion=? 
    where
        ci1_0.estado='PENDIENTE' 
        and ci1_0.fecha_expiracion<?
2026-06-02 11:27:40.789 - 
    update
        cola_inscripciones ci1_0 
    set
        estado='EXPIRADO',
        fecha_resolucion=? 
    where
        ci1_0.estado='PENDIENTE' 
        and ci1_0.fecha_expiracion<?
